---
source: tui/src/app/account_commands_tests.rs
expression: "format_account_sessions(&response, captured_at)"
---
Saved accounts (* = current):
CUR  ACCOUNT           PLAN  5H LEFT  5H RESET  WEEKLY LEFT  WEEKLY RESET
---  ----------------  ----  -------  --------  -----------  ---------------
*    user@example.com  Pro   75%      17:00     36%          12:00 on 18 Sep
    ID: account-1
    → Example Team (workspace-1)
     API key           -     -        -         -            -
    ID: account-2
